// Jest Snapshot v1, https://goo.gl/fbAQLP

exports[`Test if homepage is renderred 1`] = `
<div
  className="home-page"
>
  <h2>
    Welcome to our page!
  </h2>
  <p>
    Lorem ipsum dolor sit amet consectetur adipisicing elit. Natus et, ad at eum quam omnis, laboriosam sed possimus facere temporibus impedit labore voluptatibus tenetur fugiat vero aperiam eligendi, maiores dolores! Lorem ipsum dolor sit amet consectetur adipisicing elit. Natus et, ad at eum quam omnis, laboriosam sed possimus facere temporibus impedit labore voluptatibus tenetur fugiat vero aperiam eligendi, maiores dolores!
  </p>
  <br />
  <p>
    Lorem ipsum dolor sit amet consectetur adipisicing elit. Natus et, ad at eum quam omnis, laboriosam sed possimus facere temporibus impedit labore voluptatibus tenetur fugiat vero aperiam eligendi, maiores dolores! Lorem ipsum dolor sit amet consectetur adipisicing elit. Natus et, ad at eum quam omnis, laboriosam sed possimus facere temporibus impedit labore voluptatibus tenetur fugiat vero aperiam eligendi, maiores dolores!
  </p>
</div>
`;
